../Core/Src/main.c:68:6:PCA9685_SetBit	40	static
../Core/Src/main.c:83:6:PCA9685_SetPWMFrequency	40	static
../Core/Src/main.c:100:6:PCA9685_Init	16	static
../Core/Src/main.c:106:6:PCA9685_SetPWM	40	static
../Core/Src/main.c:121:6:PCA9685_SetServoAngle	24	static
../Core/Src/main.c:136:5:main	8	static
../Core/Src/main.c:191:6:SystemClock_Config	72	static
../Core/Src/main.c:228:13:MX_I2C1_Init	8	static
../Core/Src/main.c:262:13:MX_GPIO_Init	16	static
../Core/Src/main.c:285:6:Error_Handler	4	static,ignoring_inline_asm
