../Core/Src/main.c:149:6:printPS	88	static
../Core/Src/main.c:159:5:constrain	24	static
../Core/Src/main.c:168:6:map	24	static
../Core/Src/main.c:172:6:reMapComm	16	static
../Core/Src/main.c:179:6:LFRotate	16	static
../Core/Src/main.c:194:6:RFRotate	16	static
../Core/Src/main.c:209:6:LRRotate	16	static
../Core/Src/main.c:224:6:RRRotate	16	static
../Core/Src/main.c:239:6:liftFrontMotor	16	static
../Core/Src/main.c:254:6:liftRearMotor	16	static
../Core/Src/main.c:269:6:liftBothMotor	16	static
../Core/Src/main.c:300:5:main	16	static
../Core/Src/main.c:454:6:SystemClock_Config	88	static
../Core/Src/main.c:500:13:MX_I2C2_Init	8	static
../Core/Src/main.c:534:13:MX_TIM3_Init	48	static
../Core/Src/main.c:595:13:MX_TIM4_Init	48	static
../Core/Src/main.c:648:13:MX_TIM9_Init	40	static
../Core/Src/main.c:694:13:MX_TIM12_Init	40	static
../Core/Src/main.c:740:13:MX_TIM13_Init	40	static
../Core/Src/main.c:786:13:MX_TIM14_Init	40	static
../Core/Src/main.c:832:13:MX_USART2_UART_Init	8	static
../Core/Src/main.c:865:13:MX_GPIO_Init	24	static
../Core/Src/main.c:889:6:Error_Handler	4	static,ignoring_inline_asm
