14:28:26 **** Incremental Build of configuration Debug for project 0004_PUSH_BUTTON ****
make -j4 all 
arm-none-eabi-gcc "../Core/Src/main.c" -mcpu=cortex-m4 -std=gnu11 -g3 -DDEBUG -DUSE_HAL_DRIVER -DSTM32F407xx -c -I../Core/Inc -I../Drivers/STM32F4xx_HAL_Driver/Inc -I../Drivers/STM32F4xx_HAL_Driver/Inc/Legacy -I../Drivers/CMSIS/Device/ST/STM32F4xx/Include -I../Drivers/CMSIS/Include -O0 -ffunction-sections -fdata-sections -Wall -fstack-usage -fcyclomatic-complexity -MMD -MP -MF"Core/Src/main.d" -MT"Core/Src/main.o" --specs=nano.specs -mfpu=fpv4-sp-d16 -mfloat-abi=hard -mthumb -o "Core/Src/main.o"
arm-none-eabi-gcc -o "0004_PUSH_BUTTON.elf" @"objects.list"   -mcpu=cortex-m4 -T"A:\EVERYTHING\COLLEGE\AUTOMATONS\STM32\0004_PUSH_BUTTON\STM32F407VGTX_FLASH.ld" --specs=nosys.specs -Wl,-Map="0004_PUSH_BUTTON.map" -Wl,--gc-sections -static --specs=nano.specs -mfpu=fpv4-sp-d16 -mfloat-abi=hard -mthumb -Wl,--start-group -lc -lm -Wl,--end-group
Finished building target: 0004_PUSH_BUTTON.elf
 
arm-none-eabi-size  0004_PUSH_BUTTON.elf 
arm-none-eabi-objdump -h -S 0004_PUSH_BUTTON.elf  > "0004_PUSH_BUTTON.list"
   text	   data	    bss	    dec	    hex	filename
   6024	     12	   1572	   7608	   1db8	0004_PUSH_BUTTON.elf
Finished building: default.size.stdout
 
Finished building: 0004_PUSH_BUTTON.list
 

14:28:27 Build Finished. 0 errors, 0 warnings. (took 1s.515ms)

