15:09:42 **** Incremental Build of configuration Debug for project 0003_ADC_POT ****
make -j4 all 
arm-none-eabi-gcc "../Core/Src/main.c" -mcpu=cortex-m4 -std=gnu11 -g3 -DDEBUG -DUSE_HAL_DRIVER -DSTM32F407xx -c -I../Core/Inc -I../Drivers/STM32F4xx_HAL_Driver/Inc -I../Drivers/STM32F4xx_HAL_Driver/Inc/Legacy -I../Drivers/CMSIS/Device/ST/STM32F4xx/Include -I../Drivers/CMSIS/Include -O0 -ffunction-sections -fdata-sections -Wall -fstack-usage -fcyclomatic-complexity -MMD -MP -MF"Core/Src/main.d" -MT"Core/Src/main.o" --specs=nano.specs -mfpu=fpv4-sp-d16 -mfloat-abi=hard -mthumb -o "Core/Src/main.o"
arm-none-eabi-gcc -o "0003_ADC_POT.elf" @"objects.list"   -mcpu=cortex-m4 -T"A:\EVERYTHING\COLLEGE\AUTOMATONS\STM32\0003_ADC_POT\STM32F407VGTX_FLASH.ld" --specs=nosys.specs -Wl,-Map="0003_ADC_POT.map" -Wl,--gc-sections -static --specs=nano.specs -mfpu=fpv4-sp-d16 -mfloat-abi=hard -mthumb -Wl,--start-group -lc -lm -Wl,--end-group
Finished building target: 0003_ADC_POT.elf
 
arm-none-eabi-size  0003_ADC_POT.elf 
arm-none-eabi-objdump -h -S 0003_ADC_POT.elf  > "0003_ADC_POT.list"
   text	   data	    bss	    dec	    hex	filename
   8052	     12	   1644	   9708	   25ec	0003_ADC_POT.elf
Finished building: default.size.stdout
 
Finished building: 0003_ADC_POT.list
 
15:10:09 **** Incremental Build of configuration Debug for project 0003_ADC_POT ****
make -j4 all 
arm-none-eabi-size  0003_ADC_POT.elf 
   text	   data	    bss	    dec	    hex	filename
   8052	     12	   1644	   9708	   25ec	0003_ADC_POT.elf
Finished building: default.size.stdout
 
15:12:51 **** Incremental Build of configuration Debug for project 0003_ADC_POT ****
make -j4 all 
arm-none-eabi-size  0003_ADC_POT.elf 
   text	   data	    bss	    dec	    hex	filename
   8052	     12	   1644	   9708	   25ec	0003_ADC_POT.elf
Finished building: default.size.stdout
 
15:22:48 **** Incremental Build of configuration Debug for project 0003_ADC_POT ****
make -j4 all 
arm-none-eabi-gcc "../Core/Src/main.c" -mcpu=cortex-m4 -std=gnu11 -g3 -DDEBUG -DUSE_HAL_DRIVER -DSTM32F407xx -c -I../Core/Inc -I../Drivers/STM32F4xx_HAL_Driver/Inc -I../Drivers/STM32F4xx_HAL_Driver/Inc/Legacy -I../Drivers/CMSIS/Device/ST/STM32F4xx/Include -I../Drivers/CMSIS/Include -O0 -ffunction-sections -fdata-sections -Wall -fstack-usage -fcyclomatic-complexity -MMD -MP -MF"Core/Src/main.d" -MT"Core/Src/main.o" --specs=nano.specs -mfpu=fpv4-sp-d16 -mfloat-abi=hard -mthumb -o "Core/Src/main.o"
arm-none-eabi-gcc -o "0003_ADC_POT.elf" @"objects.list"   -mcpu=cortex-m4 -T"A:\EVERYTHING\COLLEGE\AUTOMATONS\STM32\0003_ADC_POT\STM32F407VGTX_FLASH.ld" --specs=nosys.specs -Wl,-Map="0003_ADC_POT.map" -Wl,--gc-sections -static --specs=nano.specs -mfpu=fpv4-sp-d16 -mfloat-abi=hard -mthumb -Wl,--start-group -lc -lm -Wl,--end-group
Finished building target: 0003_ADC_POT.elf
 
arm-none-eabi-size  0003_ADC_POT.elf 
arm-none-eabi-objdump -h -S 0003_ADC_POT.elf  > "0003_ADC_POT.list"
   text	   data	    bss	    dec	    hex	filename
   8052	     12	   1644	   9708	   25ec	0003_ADC_POT.elf
Finished building: default.size.stdout
 
Finished building: 0003_ADC_POT.list
 
15:24:01 **** Incremental Build of configuration Debug for project 0003_ADC_POT ****
make -j4 all 
arm-none-eabi-size  0003_ADC_POT.elf 
   text	   data	    bss	    dec	    hex	filename
   8052	     12	   1644	   9708	   25ec	0003_ADC_POT.elf
Finished building: default.size.stdout
 
